// Jest Snapshot v1, https://goo.gl/fbAQLP

exports[`Shop component Renders correctly 1`] = `
<div>
  <div
    class="sc-beqWaB dNCgcm"
  >
    <input
      class="sc-dmqHEX iVPWa-d"
      placeholder="Search Sets"
      type="search"
    />
    <svg
      color="#777"
      fill="currentColor"
      height="1em"
      stroke="currentColor"
      stroke-width="0"
      style="color: rgb(119, 119, 119);"
      viewBox="0 0 512 512"
      width="1em"
      xmlns="http://www.w3.org/2000/svg"
    >
      <path
        d="M505 442.7L405.3 343c-4.5-4.5-10.6-7-17-7H372c27.6-35.3 44-79.7 44-128C416 93.1 322.9 0 208 0S0 93.1 0 208s93.1 208 208 208c48.3 0 92.7-16.4 128-44v16.3c0 6.4 2.5 12.5 7 17l99.7 99.7c9.4 9.4 24.6 9.4 33.9 0l28.3-28.3c9.4-9.4 9.4-24.6.1-34zM208 336c-70.7 0-128-57.2-128-128 0-70.7 57.2-128 128-128 70.7 0 128 57.2 128 128 0 70.7-57.2 128-128 128z"
      />
    </svg>
    <aside
      class="sc-gueYoa jYDwFW"
    >
      <div
        data-simplebar="init"
        style="max-height: 80vh; width: 15vw;"
      >
        <div
          class="simplebar-wrapper"
        >
          <div
            class="simplebar-height-auto-observer-wrapper"
          >
            <div
              class="simplebar-height-auto-observer"
            />
          </div>
          <div
            class="simplebar-mask"
          >
            <div
              class="simplebar-offset"
              style="right: 0px; bottom: 0px;"
            >
              <div
                aria-label="scrollable content"
                class="simplebar-content-wrapper"
                role="region"
                style="height: auto; overflow-x: hidden; overflow-y: hidden;"
                tabindex="0"
              >
                <div
                  class="simplebar-content"
                >
                  <span>
                    loading
                  </span>
                </div>
              </div>
            </div>
          </div>
          <div
            class="simplebar-placeholder"
            style="width: 0px; height: 0px;"
          />
        </div>
        <div
          class="simplebar-track simplebar-horizontal"
          style="visibility: hidden;"
        >
          <div
            class="simplebar-scrollbar"
            style="width: 0px; display: none;"
          />
        </div>
        <div
          class="simplebar-track simplebar-vertical"
          style="visibility: hidden;"
        >
          <div
            class="simplebar-scrollbar"
            style="height: 0px; display: none;"
          />
        </div>
      </div>
    </aside>
  </div>
</div>
`;
